C51 COMPILER V9.00   ADC                                                                   11/02/2019 16:53:25 PAGE 1   


C51 COMPILER V9.00, COMPILATION OF MODULE ADC
OBJECT MODULE PLACED IN adc.obj
COMPILER INVOKED BY: C:\Keil_v4\C51\BIN\C51.EXE driver\adc.c BROWSE INCDIR(.\driver) DEBUG OBJECTEXTEND PRINT(.\adc.lst)
                    - OBJECT(adc.obj)

line level    source

   1          #include <STC12C5A60S2.H>
   2          #include "intrins.h"
   3          #include "adc.h"
   4          
   5          
   6          unsigned int xdata adcResult[6];
   7          unsigned int xdata adcResult1[6];
   8          
   9          unsigned int CurrentPress;//实际压力值
  10          unsigned int CurrentPress1;//实际压力值
  11          
  12          /*----------------------------
  13          Get ADC result  10bit
  14          ----------------------------*/
  15          unsigned int GetADCResult(unsigned char ch)//ch=0~7  对应 P1.0~P1.7
  16          {
  17   1                 unsigned char result;
  18   1           ADC_CONTR = ADC_POWER |    ADC_SPEEDLL | ch | ADC_START;
  19   1          _nop_();                        //Must wait before inquiry
  20   1          _nop_();
  21   1          _nop_();
  22   1          _nop_();
  23   1                _nop_();
  24   1          _nop_();
  25   1          while (!(ADC_CONTR & ADC_FLAG));//Wait complete flag
  26   1          ADC_CONTR &= ~ADC_FLAG;         //Close ADC
  27   1          //return (ADC_RES<<2+ADC_RESL); //Return ADC result  10bit
  28   1                result = ADC_RES;
  29   1                if(result == 0) result =1;//避免出现0
  30   1                return result; //Return ADC result  8bit
  31   1      }
  32          
  33          
  34          /*----------------------------
  35          Initial ADC sfr
  36          ----------------------------*/
  37          void InitADC()
  38          {
  39   1          P1ASF = 0xff;                   //Open 8 channels ADC function
  40   1          ADC_RES = 0;                    //Clear previous result
  41   1          ADC_CONTR = ADC_POWER | ADC_SPEEDLL;
  42   1          Delay(2);                       //ADC power-on and delay
  43   1      }
  44          
  45          
  46          /*----------------------------
  47          Software delay function
  48          ----------------------------*/
  49          void Delay(unsigned int n)
  50          {
  51   1          unsigned int x;
  52   1      
  53   1          while (n--)
  54   1          {
C51 COMPILER V9.00   ADC                                                                   11/02/2019 16:53:25 PAGE 2   

  55   2              x = 5000;
  56   2              while (x--);
  57   2          }
  58   1      }
  59          
  60          
  61          unsigned int average(unsigned int a[], unsigned int n)
  62          {
  63   1              float max=a[0];
  64   1              float min=a[0];
  65   1              float sum=0;
  66   1        unsigned char i;
  67   1              for(i=0;i<n;i++)
  68   1              {
  69   2                      sum+=a[i];
  70   2       
  71   2                      max=max<a[i]? a[i]:max;
  72   2                      min=min>a[i]? a[i]:min;
  73   2              }
  74   1       
  75   1              return (unsigned int)((sum-max-min)/(n-2));
  76   1      }


MODULE INFORMATION:   STATIC OVERLAYABLE
   CODE SIZE        =    461    ----
   CONSTANT SIZE    =   ----    ----
   XDATA SIZE       =     24    ----
   PDATA SIZE       =   ----    ----
   DATA SIZE        =      4      18
   IDATA SIZE       =   ----    ----
   BIT SIZE         =   ----    ----
END OF MODULE INFORMATION.


C51 COMPILATION COMPLETE.  0 WARNING(S),  0 ERROR(S)
